// Jest Snapshot v1, https://goo.gl/fbAQLP

exports[`<App /> Snapshot testing 1`] = `
<Fragment>
  <Memo(GlobalStyleComponent) />
  <AppHeader />
  <AppAlert
    alertError={
      Object {
        "component": null,
        "message": null,
        "status": null,
        "type": null,
      }
    }
  />
  <main
    id="AppContent"
  >
    <Card
      setAlert={[Function]}
    />
  </main>
</Fragment>
`;
